DEPRECATED: The legacy builder is deprecated and will be removed in a future release.
            Install the buildx component to build images with BuildKit:
            https://docs.docker.com/go/buildx/

Sending build context to Docker daemon  251.9kB
Step 1/8 : ARG BASE_IMAGE=track2/flutas-nvhpc:26.9
Step 2/8 : FROM ${BASE_IMAGE}
 ---> 78cd4fe3764e
Step 3/8 : ARG FLUTAS_COMMIT=598210616bebd51f7d51f61455f196e6f3479916
 ---> Using cache
 ---> 5915d3e7d0dd
Step 4/8 : COPY source-boundary.patch /tmp/source-boundary.patch
 ---> Using cache
 ---> 00c78b554d11
Step 5/8 : COPY tests /opt/flutas-source-protocol/tests
 ---> 317818436fd4
Step 6/8 : COPY cases/source_boundary /opt/flutas-source-protocol/cases/source_boundary
 ---> 2480e8564ace
Step 7/8 : RUN set -eux;     test "$(git -C /opt/FluTAS rev-parse HEAD)" = "${FLUTAS_COMMIT}";     git -C /opt/FluTAS apply --check /tmp/source-boundary.patch;     git -C /opt/FluTAS apply /tmp/source-boundary.patch;     /opt/flutas-source-protocol/tests/run_source_validator_tests.sh       /opt/FluTAS /opt/flutas-source-protocol/cases/source_boundary;     make -C /opt/FluTAS/src clean;     make -C /opt/FluTAS/src -j2 ARCH=generic-gpu APP=two_phase_inc_isot;     cuobjdump --list-elf /opt/FluTAS/src/flutas.two_phase_inc_isot | grep -F 'sm_120.cubin';     test -x /opt/FluTAS/src/flutas.two_phase_inc_isot
 ---> Running in 137dc56b50d7
[91m+ git -C /opt/FluTAS rev-parse HEAD
[0m[91m+ test 598210616bebd51f7d51f61455f196e6f3479916 = 598210616bebd51f7d51f61455f196e6f3479916
+ git -C /opt/FluTAS apply --check /tmp/source-boundary.patch
[0m[91m+ git -C /opt/FluTAS apply /tmp/source-boundary.patch
[0m[91m+ /opt/flutas-source-protocol/tests/run_source_validator_tests.sh /opt/FluTAS /opt/flutas-source-protocol/cases/source_boundary
[0mPASS source-boundary behavior: dry
PASS source-boundary behavior: dry-crossflow
PASS source-boundary behavior: active-one
PASS source-boundary behavior: active-four
PASS source-boundary behavior: active-crossflow
[91mWarning: ieee_inexact is signaling
ERROR STOP Geometric liquid source flux differs from frozen total-volume schedule
[0mThe command '/bin/sh -c set -eux;     test "$(git -C /opt/FluTAS rev-parse HEAD)" = "${FLUTAS_COMMIT}";     git -C /opt/FluTAS apply --check /tmp/source-boundary.patch;     git -C /opt/FluTAS apply /tmp/source-boundary.patch;     /opt/flutas-source-protocol/tests/run_source_validator_tests.sh       /opt/FluTAS /opt/flutas-source-protocol/cases/source_boundary;     make -C /opt/FluTAS/src clean;     make -C /opt/FluTAS/src -j2 ARCH=generic-gpu APP=two_phase_inc_isot;     cuobjdump --list-elf /opt/FluTAS/src/flutas.two_phase_inc_isot | grep -F 'sm_120.cubin';     test -x /opt/FluTAS/src/flutas.two_phase_inc_isot' returned a non-zero code: 1
