[run_local] thread limit: 2
PASS source-boundary behavior: dry
PASS source-boundary behavior: dry-crossflow
PASS source-boundary behavior: active-one
PASS source-boundary behavior: active-four
PASS source-boundary behavior: active-crossflow
PASS source-boundary behavior: ledger-active
PASS source-boundary behavior: ledger-four
PASS source-boundary behavior: ledger-dry
PASS unsupported input rejected: unsupported-slot-count
PASS unsupported input rejected: dry-active-interval
PASS unsupported input rejected: factor-out-of-range
PASS unsupported input rejected: missing-factor
PASS unsupported input rejected: nonfinite-factor
PASS mismatched flux records are flushed before expected abort
test_active_and_dry_histories_have_declared_schema_and_counts (__main__.EmittedLedgerTests.test_active_and_dry_histories_have_declared_schema_and_counts) ... ok
test_all_declared_cases_are_grid_aligned_and_under_one_million_cells (__main__.FrozenInputTests.test_all_declared_cases_are_grid_aligned_and_under_one_million_cells) ... ok
test_dry_crossflow_is_distinct_from_quiescent_dry (__main__.FrozenInputTests.test_dry_crossflow_is_distinct_from_quiescent_dry) ... ok
test_dry_fixture_has_no_source_or_return_across_the_full_window (__main__.FrozenInputTests.test_dry_fixture_has_no_source_or_return_across_the_full_window) ... ok
test_explicit_provisional_fixed_step_factor_is_present_in_every_case (__main__.FrozenInputTests.test_explicit_provisional_fixed_step_factor_is_present_in_every_case) ... ok
test_fixture_files_match_frozen_hashes (__main__.FrozenInputTests.test_fixture_files_match_frozen_hashes) ... ok
test_mask_geometry_and_expected_source_totals (__main__.FrozenInputTests.test_mask_geometry_and_expected_source_totals) ... ok
test_advvof_entry_refills_phase_and_rebuilds_geometry_before_flux (__main__.SourceCodeTests.test_advvof_entry_refills_phase_and_rebuilds_geometry_before_flux) ... ok
test_candidate5_phase_property_stages_and_velocity_field_keys (__main__.SourceCodeTests.test_candidate5_phase_property_stages_and_velocity_field_keys) ... ok
test_candidate5_scan_ranges_and_exact_first_failure_reduction (__main__.SourceCodeTests.test_candidate5_scan_ranges_and_exact_first_failure_reduction) ... ok
test_candidate5_timestep_guard_uses_complete_chkdt_formula_and_terminal_sentinel (__main__.SourceCodeTests.test_candidate5_timestep_guard_uses_complete_chkdt_formula_and_terminal_sentinel) ... ok
test_dry_duration_guard_and_periodic_bottom_halos (__main__.SourceCodeTests.test_dry_duration_guard_and_periodic_bottom_halos) ... ok
test_inflow_only_alpha_and_property_ghosts (__main__.SourceCodeTests.test_inflow_only_alpha_and_property_ghosts) ... ok
test_interval_and_vof_boundary_state_order (__main__.SourceCodeTests.test_interval_and_vof_boundary_state_order) ... ok
test_physical_flux_units_mass_momentum_ledgers_and_divergence (__main__.SourceCodeTests.test_physical_flux_units_mass_momentum_ledgers_and_divergence) ... ok
test_provisional_gamma_fails_frozen_crossflow_arithmetic (__main__.SourceCodeTests.test_provisional_gamma_fails_frozen_crossflow_arithmetic) ... ok
test_pulse_endpoint_reaches_postprojection_velocity_state (__main__.SourceCodeTests.test_pulse_endpoint_reaches_postprojection_velocity_state) ... ok
test_upstream_co_formula_and_fixed_fixture_values_are_static_only (__main__.SourceCodeTests.test_upstream_co_formula_and_fixed_fixture_values_are_static_only) ... ok
test_velocity_override_order_and_return_from_actual_geometric_flux (__main__.SourceCodeTests.test_velocity_override_order_and_return_from_actual_geometric_flux) ... ok

----------------------------------------------------------------------
Ran 19 tests in 0.005s

OK
Traceback (most recent call last):
  File "/opt/flutas-source-protocol/tests/test_candidate5_observability.py", line 137, in <module>
    ANALYZER_FIXTURES = _load_independent_analyzer_fixtures()
                        ^^^^^^^^^^^^^^^^^^^^^^^^^^^^^^^^^^^^^
  File "/opt/flutas-source-protocol/tests/test_candidate5_observability.py", line 133, in _load_independent_analyzer_fixtures
    spec.loader.exec_module(module)
  File "<frozen importlib._bootstrap_external>", line 995, in exec_module
  File "<frozen importlib._bootstrap>", line 488, in _call_with_frames_removed
  File "/opt/track2/tests/test_flutas_source_analyzer.py", line 20, in <module>
    SCHEMA_SHA256 = hashlib.sha256(SCHEMA_PATH.read_bytes()).hexdigest()
                                   ^^^^^^^^^^^^^^^^^^^^^^^^
  File "/usr/lib/python3.12/pathlib.py", line 1021, in read_bytes
    with self.open(mode='rb') as f:
         ^^^^^^^^^^^^^^^^^^^^
  File "/usr/lib/python3.12/pathlib.py", line 1015, in open
    return io.open(self, mode, buffering, encoding, errors, newline)
           ^^^^^^^^^^^^^^^^^^^^^^^^^^^^^^^^^^^^^^^^^^^^^^^^^^^^^^^^^
FileNotFoundError: [Errno 2] No such file or directory: '/opt/track2/experiments/FLUTAS_CANDIDATE5_OBSERVABILITY_SCHEMA.md'
