DEPRECATED: The legacy builder is deprecated and will be removed in a future release.
            Install the buildx component to build images with BuildKit:
            https://docs.docker.com/go/buildx/

Sending build context to Docker daemon  253.4kB
Step 1/8 : ARG BASE_IMAGE=track2/flutas-nvhpc:26.9
Step 2/8 : FROM ${BASE_IMAGE}
 ---> 78cd4fe3764e
Step 3/8 : ARG FLUTAS_COMMIT=598210616bebd51f7d51f61455f196e6f3479916
 ---> Using cache
 ---> 5915d3e7d0dd
Step 4/8 : COPY source-boundary.patch /tmp/source-boundary.patch
 ---> Using cache
 ---> eeae943ff638
Step 5/8 : COPY tests /opt/flutas-source-protocol/tests
 ---> 52cefd894017
Step 6/8 : COPY cases/source_boundary /opt/flutas-source-protocol/cases/source_boundary
 ---> b6ce71a0996b
Step 7/8 : RUN set -eux;     test "$(git -C /opt/FluTAS rev-parse HEAD)" = "${FLUTAS_COMMIT}";     git -C /opt/FluTAS apply --check /tmp/source-boundary.patch;     git -C /opt/FluTAS apply /tmp/source-boundary.patch;     /opt/flutas-source-protocol/tests/run_source_validator_tests.sh       /opt/FluTAS /opt/flutas-source-protocol/cases/source_boundary;     make -C /opt/FluTAS/src clean;     make -C /opt/FluTAS/src -j2 ARCH=generic-gpu APP=two_phase_inc_isot;     cuobjdump --list-elf /opt/FluTAS/src/flutas.two_phase_inc_isot | grep -F 'sm_120.cubin';     test -x /opt/FluTAS/src/flutas.two_phase_inc_isot
 ---> Running in 878c6e1e2299
[91m+ git -C /opt/FluTAS rev-parse HEAD
[0m[91m+ test 598210616bebd51f7d51f61455f196e6f3479916 = 598210616bebd51f7d51f61455f196e6f3479916
+ git -C /opt/FluTAS apply --check /tmp/source-boundary.patch
[0m[91m+ git -C /opt/FluTAS apply /tmp/source-boundary.patch
[0m[91m+ /opt/flutas-source-protocol/tests/run_source_validator_tests.sh /opt/FluTAS /opt/flutas-source-protocol/cases/source_boundary
[0mPASS source-boundary behavior: dry
PASS source-boundary behavior: dry-crossflow
PASS source-boundary behavior: active-one
PASS source-boundary behavior: active-four
PASS source-boundary behavior: active-crossflow
PASS source-boundary behavior: ledger-active
PASS source-boundary behavior: ledger-four
PASS source-boundary behavior: ledger-dry
PASS unsupported input rejected: unsupported-slot-count
PASS unsupported input rejected: dry-active-interval
PASS mismatched flux records are flushed before expected abort
[91mtest_active_and_dry_histories_have_declared_schema_and_counts (__main__.EmittedLedgerTests.test_active_and_dry_histories_have_declared_schema_and_counts) ... [0m[91mFAIL
test_all_declared_cases_are_grid_aligned_and_under_one_million_cells (__main__.FrozenInputTests.test_all_declared_cases_are_grid_aligned_and_under_one_million_cells) ... [0m[91mok
test_dry_crossflow_is_distinct_from_quiescent_dry (__main__.FrozenInputTests.test_dry_crossflow_is_distinct_from_quiescent_dry) ... ok
test_dry_fixture_has_no_source_or_return_across_the_full_window (__main__.FrozenInputTests.test_dry_fixture_has_no_source_or_return_across_the_full_window) ... ok
test_fixture_files_match_frozen_hashes (__main__.FrozenInputTests.test_fixture_files_match_frozen_hashes) ... [0m[91mok
test_mask_geometry_and_expected_source_totals (__main__.FrozenInputTests.test_mask_geometry_and_expected_source_totals) ... [0m[91mok
test_advvof_entry_refills_phase_and_rebuilds_geometry_before_flux (__main__.SourceCodeTests.test_advvof_entry_refills_phase_and_rebuilds_geometry_before_flux) ... ok
test_dry_duration_guard_and_periodic_bottom_halos (__main__.SourceCodeTests.test_dry_duration_guard_and_periodic_bottom_halos) ... [0m[91mok
test_inflow_only_alpha_and_property_ghosts (__main__.SourceCodeTests.test_inflow_only_alpha_and_property_ghosts) ... ok
test_interval_and_vof_boundary_state_order (__main__.SourceCodeTests.test_interval_and_vof_boundary_state_order) ... ok
test_physical_flux_units_mass_momentum_ledgers_and_divergence (__main__.SourceCodeTests.test_physical_flux_units_mass_momentum_ledgers_and_divergence) ... [0m[91mok
test_pulse_endpoint_reaches_postprojection_velocity_state (__main__.SourceCodeTests.test_pulse_endpoint_reaches_postprojection_velocity_state) ... ok
[0m[91mtest_upstream_co_formula_and_fixed_fixture_values_are_static_only (__main__.SourceCodeTests.test_upstream_co_formula_and_fixed_fixture_values_are_static_only) ... [0m[91mok
test_velocity_override_order_and_return_from_actual_geometric_flux (__main__.SourceCodeTests.test_velocity_override_order_and_return_from_actual_geometric_flux) ... [0m[91mok
[0m[91m
======================================================================
[0m[91mFAIL: test_active_and_dry_histories_have_declared_schema_and_counts (__main__.EmittedLedgerTests.test_active_and_dry_histories_have_declared_schema_and_counts)
----------------------------------------------------------------------
Traceback (most recent call last):
  File "/opt/flutas-source-protocol/tests/test_source_boundary.py", line 541, in test_active_and_dry_histories_have_declared_schema_and_counts
    self.assertAlmostEqual(float(source[-1]["slot_reverse_out_m3"]), 6.25e-8, places=15)
AssertionError: 0.0 != 6.25e-08 within 15 places (6.25e-08 difference)

----------------------------------------------------------------------
Ran 14 tests in 0.004s

[0m[91mFAILED (failures=1)
[0mThe command '/bin/sh -c set -eux;     test "$(git -C /opt/FluTAS rev-parse HEAD)" = "${FLUTAS_COMMIT}";     git -C /opt/FluTAS apply --check /tmp/source-boundary.patch;     git -C /opt/FluTAS apply /tmp/source-boundary.patch;     /opt/flutas-source-protocol/tests/run_source_validator_tests.sh       /opt/FluTAS /opt/flutas-source-protocol/cases/source_boundary;     make -C /opt/FluTAS/src clean;     make -C /opt/FluTAS/src -j2 ARCH=generic-gpu APP=two_phase_inc_isot;     cuobjdump --list-elf /opt/FluTAS/src/flutas.two_phase_inc_isot | grep -F 'sm_120.cubin';     test -x /opt/FluTAS/src/flutas.two_phase_inc_isot' returned a non-zero code: 1
