[run_local] thread limit: 2
DEPRECATED: The legacy builder is deprecated and will be removed in a future release.
            Install the buildx component to build images with BuildKit:
            https://docs.docker.com/go/buildx/

Sending build context to Docker daemon  1.126MB
Step 1/6 : ARG BASE_IMAGE=track2/flutas-nvhpc:26.9
Step 2/6 : FROM ${BASE_IMAGE}
 ---> 78cd4fe3764e
Step 3/6 : ARG FLUTAS_COMMIT=598210616bebd51f7d51f61455f196e6f3479916
 ---> Using cache
 ---> 5915d3e7d0dd
Step 4/6 : COPY source-boundary.patch /tmp/candidate6-source-boundary.patch
 ---> Using cache
 ---> d6e710281a16
Step 5/6 : RUN set -eux;     test "$(git -C /opt/FluTAS rev-parse HEAD)" = "${FLUTAS_COMMIT}";     test "$(sha256sum /opt/FluTAS/src/targets/target.generic-gpu | cut -d ' ' -f 1)" =       d694b6db322a2f9391ef09bb697bade0cb32ec3ab3f11bd6dfe9dba814a43759;     git -C /opt/FluTAS apply --check /tmp/candidate6-source-boundary.patch;     git -C /opt/FluTAS apply /tmp/candidate6-source-boundary.patch;     make -C /opt/FluTAS/src clean;     make -C /opt/FluTAS/src -j2 ARCH=generic-gpu APP=two_phase_inc_isot;     cuobjdump --list-elf /opt/FluTAS/src/flutas.two_phase_inc_isot       | tee /opt/FluTAS/candidate6-cuobjdump.txt       | grep -F 'sm_120.cubin';     test -x /opt/FluTAS/src/flutas.two_phase_inc_isot;     sha256sum /opt/FluTAS/src/flutas.two_phase_inc_isot       > /opt/FluTAS/candidate6-executable.sha256
 ---> Using cache
 ---> d7972e739657
Step 6/6 : ENTRYPOINT ["/bin/true"]
 ---> Using cache
 ---> c0b459afb9b8
Successfully built c0b459afb9b8
Successfully tagged track2/flutas-candidate6-build:20260928T093141Z-4092509
